[www.cloudron.io/store/index.html]
[backblue.gif]
[fade.gif]
[index.html]
[www.cloudron.io/img/favicon.png]
[www.cloudron.io/img/logo.png]
[www.cloudron.io/store/{{ app.id }}.html]
[www.cloudron.io/store/icons/{{ app.id }}.png]
[screenshots.cloudron.io/app.immich.cloudronapp/immich-1.png]
[screenshots.cloudron.io/app.listmonk.cloudronapp/lists.png]
[screenshots.cloudron.io/app.penpot.cloudronapp/penpot_01.jpg]
[screenshots.cloudron.io/chat.rocket.cloudronapp/2.png]
[screenshots.cloudron.io/chat.rocket.cloudronapp/3.png]
[screenshots.cloudron.io/co.rallly.cloudronapp/rallly_02.png]
[screenshots.cloudron.io/com.atlassian.confluence/confluence-features-powerful-editor.png]
[screenshots.cloudron.io/com.bookstackapp.cloudronapp/thumb_image-manager.png]
[screenshots.cloudron.io/com.bookstackapp.cloudronapp/thumb_page-view.png]
[screenshots.cloudron.io/com.collaboraoffice.coudronapp/screenshot_1.png]
[screenshots.cloudron.io/com.docker.registry/2.png]
[screenshots.cloudron.io/com.electerious.lychee.cloudronapp/img02.jpg]
[screenshots.cloudron.io/com.espocrm.cloudronapp/screenshot2.png]
[screenshots.cloudron.io/com.getoutline.cloudronapp/link-previews.png]
[screenshots.cloudron.io/com.github.bitwardenrs/bitwardenrs_02.png]
[screenshots.cloudron.io/com.github.shaarli/img-02.png]
[screenshots.cloudron.io/com.github.trilium.cloudronapp/dark-theme.png]
[screenshots.cloudron.io/com.github.trilium.cloudronapp/weight-tracker.png]
[screenshots.cloudron.io/com.gitlab.cloudronapp/02-merge-conflicts.png]
[screenshots.cloudron.io/com.gitlab.cloudronapp/04-file-browser.png]
[screenshots.cloudron.io/com.gitlab.cloudronapp/05-issue-management.png]
[screenshots.cloudron.io/com.grafana.cloudronapp/2.png]
[screenshots.cloudron.io/com.grafana.cloudronapp/3.png]
[screenshots.cloudron.io/com.humhub.cloudronapp/humhub_01.jpg]
[screenshots.cloudron.io/com.invoiceninja.cloudronapp2/Payment-Summary-View.png]
[screenshots.cloudron.io/com.invoiceninja.cloudronapp2/Task-Summary-View.png]
[screenshots.cloudron.io/com.invoiceninja.cloudronapp2/top-laptop-and-mobile-image.png]
[screenshots.cloudron.io/com.metabase.cloudronapp/homepage-find.png]
[screenshots.cloudron.io/com.nextcloud.cloudronapp/screenshot-2.png]
[screenshots.cloudron.io/com.nextcloud.cloudronapp/screenshot-3.png]
[screenshots.cloudron.io/com.nextcloud.cloudronapp/screenshot-4.png]
[screenshots.cloudron.io/com.nocodb.cloudronapp/2.png]
[screenshots.cloudron.io/com.nocodb.cloudronapp/3.png]
[screenshots.cloudron.io/com.osticket.cloudronapp/Customer_Portal_2-1024x683.jpg]
[screenshots.cloudron.io/com.paperlessng.cloudronapp/documents-smallcards.png]
[screenshots.cloudron.io/com.snipeitapp.cloudronapp/screenshot-asset-list.png]
[screenshots.cloudron.io/de.nebulon.guacamoly/screenshot1.png]
[screenshots.cloudron.io/de.nebulon.guacamoly/screenshot2.png]
[screenshots.cloudron.io/de.nebulon.guacamoly/screenshot3.png]
[screenshots.cloudron.io/dev.ophir.wbo.cloudronapp/fibonacci.png]
[screenshots.cloudron.io/eu.snappymail.cloudronapp/2.png]
[screenshots.cloudron.io/eu.snappymail.cloudronapp/3.png]
[screenshots.cloudron.io/fr.cryptpad.cloudronapp/drive-list.png]
[screenshots.cloudron.io/github.pages.cloudronapp/img1.png]
[screenshots.cloudron.io/im.riot.cloudronapp/feature-notifications.png]
[screenshots.cloudron.io/im.riot.cloudronapp/feature-encryption.png]
[screenshots.cloudron.io/info.privatebin.cloudronapp/bootstrap-dark.png]
[screenshots.cloudron.io/io.archivebox.cloudronapp/archivebox_01.png]
[screenshots.cloudron.io/io.baserow.cloudronapp/baserow_02.png]
[screenshots.cloudron.io/io.changedetection.cloudronapp/json-diff-example.png]
[screenshots.cloudron.io/io.cloudron.openvpn/img02.png]
[screenshots.cloudron.io/io.cloudron.releasebell/releasebell_2.png]
[screenshots.cloudron.io/io.cloudron.releasebell/releasebell_3.png]
[screenshots.cloudron.io/io.cloudron.surfer/img02.png]
[screenshots.cloudron.io/io.directus.cloudronapp/item-browse-order.png]
[screenshots.cloudron.io/io.gitea.cloudronapp/2.png]
[screenshots.cloudron.io/io.gitea.cloudronapp/3.png]
[screenshots.cloudron.io/io.gitea.cloudronapp/4.png]
[screenshots.cloudron.io/io.github.ascimoo.searx/2ng.png]
[screenshots.cloudron.io/io.github.sickchill.cloudronapp/calendar.jpg]
[screenshots.cloudron.io/io.gogs.cloudronapp/2.png]
[screenshots.cloudron.io/io.gogs.cloudronapp/3.png]
[screenshots.cloudron.io/io.invidious.cloudronapp/02_preferences.png]
[screenshots.cloudron.io/io.n8n.cloudronapp/workflow2.png]
[screenshots.cloudron.io/io.prometheus.cloudronapp/2.png]
[screenshots.cloudron.io/io.redash.cloudronapp/redash_screenshot_vis-slide-2.png]
[screenshots.cloudron.io/io.taiga.cloudronapp/02.png]
[screenshots.cloudron.io/io.taiga.cloudronapp/03.png]
[screenshots.cloudron.io/io.taiga.cloudronapp/04.png]
[screenshots.cloudron.io/io.vaultproject.cloudronapp/replicdation.png]
[screenshots.cloudron.io/io.vikunja.cloudronapp/kanban.jpg]
[screenshots.cloudron.io/io.wekan.cloudronapp/img1.png]
[screenshots.cloudron.io/media.emby.cloudronapp/2.png]
[screenshots.cloudron.io/net.freescout.cloudronapp/freescout-02.png]
[screenshots.cloudron.io/net.kanboard.cloudronapp/dashboard.png]
[screenshots.cloudron.io/net.roundcube.cloudronapp/compose.png]
[screenshots.cloudron.io/net.roundcube.cloudronapp/editcontact.png]
[screenshots.cloudron.io/net.syncthing.cloudronapp2/2.png]
[screenshots.cloudron.io/nu.sogo.cloudronapp2/1.png]
[screenshots.cloudron.io/org.actualbudget.cloudronapp/actual-main-transaction.png]
[screenshots.cloudron.io/org.ampache.cloudronapp/album_trending.png]
[screenshots.cloudron.io/org.ampache.cloudronapp/lumm-music-player.png]
[screenshots.cloudron.io/org.apache.guacamole.cloudronapp/2.png]
[screenshots.cloudron.io/org.apache.superset.cloudronapp/apache_superset_01.jpg]
[screenshots.cloudron.io/org.bigbluebutton.greenlight.cloudronapp/greenlight-02.png]
[screenshots.cloudron.io/org.discourse.cloudronapp/boingboing.png]
[screenshots.cloudron.io/org.discourse.cloudronapp/twitter.png]
[screenshots.cloudron.io/org.dokuwiki.cloudronapp/2.png]
[screenshots.cloudron.io/org.dolibarr.cloudronapp/2.png]
[screenshots.cloudron.io/org.etherpad.cloudronapp/etherpad-02.png]
[screenshots.cloudron.io/org.firefly-iii.cloudronapp/index.png]
[screenshots.cloudron.io/org.getgrav.cloudronapp/002-config.png]
[screenshots.cloudron.io/org.getgrav.cloudronapp/003-editpage.png]
[screenshots.cloudron.io/org.ghost.cloudronapp2/content.png]
[screenshots.cloudron.io/org.ghost.cloudronapp2/editor.png]
[screenshots.cloudron.io/org.joinpeertube.cloudronapp/home.png]
[screenshots.cloudron.io/org.jupyter.cloudronapp/2.png]
[screenshots.cloudron.io/org.limesurvey.cloudronapp/img_02.png]
[screenshots.cloudron.io/org.limesurvey.cloudronapp/img_03.png]
[screenshots.cloudron.io/org.matrix.synapse/2.png]
[screenshots.cloudron.io/org.mautic.cloudronapp/landing_page_19.png]
[screenshots.cloudron.io/org.mautic.cloudronapp/leads_list_19.png]
[screenshots.cloudron.io/org.moodle.cloudronapp/2.png]
[screenshots.cloudron.io/org.navidrome.cloudronapp/ss-mobile-album-view.png]
[screenshots.cloudron.io/org.navidrome.cloudronapp/ss-mobile-login.png]
[screenshots.cloudron.io/org.nodebb.cloudronapp/2.png]
[screenshots.cloudron.io/org.omekas.cloudronapp/02-site.png]
[screenshots.cloudron.io/org.openproject.cloudronapp/thumbnail_2.png]
[screenshots.cloudron.io/org.openproject.cloudronapp/thumbnail_3.png]
[screenshots.cloudron.io/org.openproject.cloudronapp/thumbnail_4.png]
[screenshots.cloudron.io/org.openproject.cloudronapp/thumbnail_5.png]
[screenshots.cloudron.io/org.openproject.cloudronapp/thumbnail_6.png]
[screenshots.cloudron.io/org.openproject.cloudronapp/thumbnail_7.png]
[screenshots.cloudron.io/org.openproject.cloudronapp/thumbnail_8.png]
[screenshots.cloudron.io/org.piwik.cloudronapp/2.png]
[screenshots.cloudron.io/org.piwik.cloudronapp/3.png]
[screenshots.cloudron.io/org.pixelfed.cloudronapp/2.png]
[screenshots.cloudron.io/org.redmine.coudronapp/redmine01.png]
[screenshots.cloudron.io/org.redmine.coudronapp/redmine02.png]
[screenshots.cloudron.io/org.traccar.cloudronapp/polyline.png]
[screenshots.cloudron.io/org.tt_rss.cloudronapp/2.png]
[screenshots.cloudron.io/org.tt_rss.cloudronapp/3.png]
[screenshots.cloudron.io/org.tt_rss.cloudronapp/4.png]
[screenshots.cloudron.io/org.wallabag.cloudronapp2/img01.png]
[screenshots.cloudron.io/org.wallabag.cloudronapp2/img02.png]
[screenshots.cloudron.io/org.wordpress.cloudronapp/2.png]
[screenshots.cloudron.io/org.wordpress.unmanaged.cloudronapp/2.png]
[screenshots.cloudron.io/sh.ntfy.cloudronapp/screenshot-phone-detail.jpg]
[screenshots.cloudron.io/tech.ittools.cloudron/network-tools.png]
[www.cloudron.io/store/index.js]
[www.cloudron.io/store/index.html]
[www.cloudron.io/img/personal.jpg]
[www.cloudron.io/img/business.jpg]
[www.cloudron.io/img/webhosting.jpg]
[www.cloudron.io/css/index.min.css]
[www.cloudron.io/store/{{ app.id }}.html]
[www.cloudron.io/store/icons/{{ app.id }}.html]
[screenshots.cloudron.io/io.vaultproject.cloudronapp/replicdation.html]
